["https://archive.org/details/MSNBCW_20190627_050000_Democratic_Candidates_Debate#start/5814/end/5849", "https://archive.org/details/MSNBCW_20190305_050000_The_Rachel_Maddow_Show#start/2378/end/2413", "https://archive.org/details/MSNBCW_20150916_000000_All_In_With_Chris_Hayes#start/2908/end/2943", "https://archive.org/details/MSNBCW_20150113_220000_The_Ed_Show#start/2237/end/2272", "https://archive.org/details/FOXNEWSW_20190627_100000_FOX__Friends#start/7027/end/7062", "https://archive.org/details/CNNW_20190627_180000_CNN_Newsroom_With_Brooke_Baldwin#start/2287/end/2322", "https://archive.org/details/FOXNEWS_20110429_200000_Your_World_With_Neil_Cavuto#start/2223/end/2258", "https://archive.org/details/MSNBCW_20190628_190000_MSNBC_Live_With_Ali_Velshi#start/2853/end/2888", "https://archive.org/details/MSNBCW_20190709_070000_All_In_With_Chris_Hayes#start/3491/end/3526", "https://archive.org/details/MSNBCW_20190812_220000_The_Beat_With_Ari_Melber#start/2434/end/2469"]