["https://archive.org/details/CNNW_20190903_150000_At_This_Hour_With_Kate_Bolduan#start/1815/end/1850", "https://archive.org/details/CNNW_20190902_100000_New_Day_With_Alisyn_Camerota_and_John_Berman#start/3311/end/3346", "https://archive.org/details/CNNW_20190908_100000_New_Day_Weekend_With_Victor_Blackwell_and_Christi_Paul#start/3594/end/3629", "https://archive.org/details/MSNBCW_20150817_220000_PoliticsNation_With_Al_Sharpton#start/3162/end/3197", "https://archive.org/details/CNNW_20190809_100000_New_Day_With_Alisyn_Camerota_and_John_Berman#start/2210/end/2245", "https://archive.org/details/CNNW_20190712_160000_Inside_Politics#start/2709/end/2744", "https://archive.org/details/FOXNEWS_20101228_090000_Special_Report_With_Bret_Baier#start/1606/end/1641", "https://archive.org/details/FOXNEWSW_20141102_150000_Sunday_Morning_Futures_With_Maria_Bartiromo#start/2093/end/2128", "https://archive.org/details/FOXNEWSW_20180330_220000_Special_Report_With_Bret_Baier#start/724/end/759", "https://archive.org/details/CNN_20110315_070000_Piers_Morgan_Tonight#start/3082/end/3117"]